// Jest Snapshot v1, https://goo.gl/fbAQLP

exports[`Gallery is rendering matches snapshot 1`] = `
<DocumentFragment>
  <div>
    <div
      class="flex-row"
    />
  </div>
</DocumentFragment>
`;
